2026-05-20 19:09:54,392 INFO o.a.j.u.JMeterUtils: Setting Locale to en_EN
2026-05-20 19:09:54,450 INFO o.a.j.JMeter: Loading user properties from: D:\3 курс 2 семестр\ЯПЗТ\13\apache-jmeter-5.6.3\bin\user.properties
2026-05-20 19:09:54,475 INFO o.a.j.JMeter: Loading system properties from: D:\3 курс 2 семестр\ЯПЗТ\13\apache-jmeter-5.6.3\bin\system.properties
2026-05-20 19:09:54,490 INFO o.a.j.JMeter: Copyright (c) 1998-2024 The Apache Software Foundation
2026-05-20 19:09:54,490 INFO o.a.j.JMeter: Version 5.6.3
2026-05-20 19:09:54,491 INFO o.a.j.JMeter: java.version=21.0.10
2026-05-20 19:09:54,491 INFO o.a.j.JMeter: java.vm.name=Java HotSpot(TM) 64-Bit Server VM
2026-05-20 19:09:54,491 INFO o.a.j.JMeter: os.name=Windows 10
2026-05-20 19:09:54,491 INFO o.a.j.JMeter: os.arch=amd64
2026-05-20 19:09:54,491 INFO o.a.j.JMeter: os.version=10.0
2026-05-20 19:09:54,492 INFO o.a.j.JMeter: file.encoding=UTF-8
2026-05-20 19:09:54,492 INFO o.a.j.JMeter: java.awt.headless=true
2026-05-20 19:09:54,492 INFO o.a.j.JMeter: Max memory     =1073741824
2026-05-20 19:09:54,492 INFO o.a.j.JMeter: Available Processors =8
2026-05-20 19:09:54,525 INFO o.a.j.JMeter: Default Locale=English (EN)
2026-05-20 19:09:54,526 INFO o.a.j.JMeter: JMeter  Locale=English (EN)
2026-05-20 19:09:54,526 INFO o.a.j.JMeter: JMeterHome=D:\3 курс 2 семестр\ЯПЗТ\13\apache-jmeter-5.6.3
2026-05-20 19:09:54,526 INFO o.a.j.JMeter: user.dir  =D:\3 курс 2 семестр\ЯПЗТ\13\jmeter-performance-testing
2026-05-20 19:09:54,527 INFO o.a.j.JMeter: PWD       =D:\3 курс 2 семестр\ЯПЗТ\13\jmeter-performance-testing
2026-05-20 19:09:54,530 INFO o.a.j.JMeter: IP: 192.168.0.103 Name: DESKTOP-SFB63KF FullName: host.docker.internal
2026-05-20 19:09:54,612 INFO o.a.j.JMeter: Setting property 'jmeter.reportgenerator.outputdir' to:'D:\3 курс 2 семестр\ЯПЗТ\13\jmeter-performance-testing\reports\status_endurance_report'
2026-05-20 19:09:54,614 ERROR o.a.j.JMeter: An error occurred: 
org.apache.jmeter.report.config.ConfigurationException: The file D:\3 курс 2 семестр\ЯПЗТ\13\jmeter-performance-testing\test-plans\status_endurance_test.jmx doesn't exist or can't be opened
	at org.apache.jmeter.JMeter.runNonGui(JMeter.java:950) ~[ApacheJMeter_core.jar:5.6.3]
	at org.apache.jmeter.JMeter.startNonGui(JMeter.java:940) ~[ApacheJMeter_core.jar:5.6.3]
	at org.apache.jmeter.JMeter.start(JMeter.java:508) [ApacheJMeter_core.jar:5.6.3]
	at java.base/jdk.internal.reflect.DirectMethodHandleAccessor.invoke(DirectMethodHandleAccessor.java:103) ~[?:?]
	at java.base/java.lang.reflect.Method.invoke(Method.java:580) ~[?:?]
	at org.apache.jmeter.NewDriver.main(NewDriver.java:259) [ApacheJMeter.jar:5.6.3]
